// Jest Snapshot v1, https://goo.gl/fbAQLP

exports[`given main sidebar component displays when rendered 1`] = `"<div class=\\"navigation-sidebar -typography-styleguide\\"><div data-section=\\"Basic\\" class=\\"section\\"><h4>Basic</h4> </div><div data-section=\\"Components\\" class=\\"section\\"><h4>Components</h4> </div></div>"`;
